2022-07-24 19:10:05,169 thread-26288 __main__:28 main [INFO]: START
2022-07-24 19:10:05,169 thread-6652 __main__:18 work [INFO]: Received
2022-07-24 19:10:05,170 thread-27628 __main__:18 work [INFO]: Received
2022-07-24 19:10:05,170 thread-20256 __main__:18 work [INFO]: Received
2022-07-24 19:10:05,787 thread-27628 __main__:20 work [INFO]: Calculate START
2022-07-24 19:10:05,927 thread-6652 __main__:20 work [INFO]: Calculate START
2022-07-24 19:10:05,942 thread-20256 __main__:20 work [INFO]: Calculate START
2022-07-24 19:10:08,471 thread-27628 __main__:22 work [INFO]: Calculate END
2022-07-24 19:10:08,687 thread-6652 __main__:22 work [INFO]: Calculate END
2022-07-24 19:10:09,274 thread-27628 __main__:24 work [INFO]: Replied
2022-07-24 19:10:09,274 thread-27628 __main__:18 work [INFO]: Received
2022-07-24 19:10:09,398 thread-20256 __main__:22 work [INFO]: Calculate END
2022-07-24 19:10:09,585 thread-27628 __main__:20 work [INFO]: Calculate START
2022-07-24 19:10:09,601 thread-6652 __main__:24 work [INFO]: Replied
2022-07-24 19:10:09,601 thread-6652 __main__:18 work [INFO]: Received
2022-07-24 19:10:09,939 thread-6652 __main__:20 work [INFO]: Calculate START
2022-07-24 19:10:10,404 thread-20256 __main__:24 work [INFO]: Replied
2022-07-24 19:10:10,404 thread-20256 __main__:18 work [INFO]: Received
2022-07-24 19:10:11,301 thread-20256 __main__:20 work [INFO]: Calculate START
2022-07-24 19:10:11,872 thread-6652 __main__:22 work [INFO]: Calculate END
2022-07-24 19:10:11,966 thread-6652 __main__:24 work [INFO]: Replied
2022-07-24 19:10:11,966 thread-6652 __main__:18 work [INFO]: Received
2022-07-24 19:10:12,029 thread-6652 __main__:20 work [INFO]: Calculate START
2022-07-24 19:10:12,666 thread-27628 __main__:22 work [INFO]: Calculate END
2022-07-24 19:10:13,191 thread-27628 __main__:24 work [INFO]: Replied
2022-07-24 19:10:13,191 thread-27628 __main__:18 work [INFO]: Received
2022-07-24 19:10:13,735 thread-27628 __main__:20 work [INFO]: Calculate START
2022-07-24 19:10:14,668 thread-6652 __main__:22 work [INFO]: Calculate END
2022-07-24 19:10:15,258 thread-6652 __main__:24 work [INFO]: Replied
2022-07-24 19:10:15,726 thread-20256 __main__:22 work [INFO]: Calculate END
2022-07-24 19:10:16,536 thread-20256 __main__:24 work [INFO]: Replied
2022-07-24 19:10:16,536 thread-20256 __main__:18 work [INFO]: Received
2022-07-24 19:10:16,661 thread-20256 __main__:20 work [INFO]: Calculate START
2022-07-24 19:10:18,002 thread-27628 __main__:22 work [INFO]: Calculate END
2022-07-24 19:10:18,081 thread-27628 __main__:24 work [INFO]: Replied
2022-07-24 19:10:19,328 thread-20256 __main__:22 work [INFO]: Calculate END
2022-07-24 19:10:19,636 thread-20256 __main__:24 work [INFO]: Replied
2022-07-24 19:10:19,637 thread-26288 __main__:36 main [INFO]: END
